// Jest Snapshot v1, https://goo.gl/fbAQLP

exports[`Homebutton component matches snapshot 1`] = `
<div>
  <div
    class="link"
  >
    <a
      class="home"
      href="/"
    >
      Home
    </a>
  </div>
</div>
`;
