// Jest Snapshot v1, https://goo.gl/fbAQLP

exports[`Title componet matches snapshot 1`] = `
<div>
  <div>
    <h1
      class="title"
    >
      Teams
    </h1>
  </div>
</div>
`;
